0	mq	ം	ஂ	ం	ಂ	ऀ	ঁ	ઁ	ଁ	ਁ	٘ 	٘ 
1	mq	ം	ஂ	ం	ಂ	ँ	ঁ	ઁ	ଁ	ਁ	٘ 	٘ 
2	q	ം	ஂ	ం	ಂ	ं	ং	ં	ଂ	ਂ	ًًًًًًًً
3	hq	ഃ	ஃ	ః	ಃ	ः	ঃ	ઃ	ଃ	ਃ	ءھا	ءھا
4	a	അ	அ	అ	ಅ	ऄ	অ	અ	ଅ	ਅ	ء	ء
5	a	അ	அ	అ	ಅ	अ	অ	અ	ଅ	ਅ	ا	ا
6	aa	ആ	ஆ	ఆ	ಆ	आ	আ	આ	ଆ	ਆ	آ	آ
7	i	ഇ	இ	ఇ	ಇ	इ	ই	ઇ	ଇ	ਇ	ئ	ی
8	ii	ഈ	ஈ	ఈ	ಈ	ई	ঈ	ઈ	ଈ	ਈ	ئ	ی
9	u	ഉ	உ	ఉ	ಉ	उ	উ	ઉ	ଉ	ਉ	و	و
10	uu	ഊ	ஊ	ఊ	ಊ	ऊ	ঊ	ઊ	ଊ	ਊ	و	و
11	rq	ഋ	ற	ఋ	ಋ	ऋ	ঋ	ઋ	ଋ	ਰ	رُ
12	uu	ഊ	ஊ	ఊ	ಊ	ऌ	ঌ	ઌ	ଌ	ਊ	لُء
13	e	എ	எ	ఎ	ಎ	ऍ	এ	ઍ	ଏ	ਏ	ے
14	e	എ	எ	ఎ	ಎ	ऎ	এ	એ	ଏ	ਏ	ے
15	ee	ഏ	ஏ	ఏ	ಏ	ए	এ	એ	ଏ	ਏ	ے	
16	ei	ഐ	ஐ	ఐ	ಐ	ऐ	ঐ	ઐ	ଐ	ਐ	اَئ
17	a	അ	அ	అ	ಅ	ऑ	অ	ઑ	ଅ	ਅ	ا
18	o	ഒ	ஒ	ఒ	ಒ	ऒ	ও	ઓ	ଓ	ਓ	ءو
19	oo	ഓ	ஓ	ఓ	ಓ	ओ	ও	ઓ	ଓ	ਓ	ءو
20	ou	ഔ	ஔ	ఔ	ಔ	औ	ঔ	ઔ	ଔ	ਔ	اَو
21	k	ക	க	క	ಕ	क	ক	ક	କ	ਕ	ک
22	kh	ഖ	க	ఖ	ಖ	ख	খ	ખ	ଖ	ਖ	خ
23	g	ഗ	க	గ	ಗ	ग	গ	ગ	ଗ	ਗ	گ
24	gh	ഘ	க	ఘ	ಘ	घ	ঘ	ઘ	ଘ	ਘ	گھ
25	ng	ങ	ங	ఙ	ಙ	ङ	ঙ	ઙ	ଙ	ਙ	ں
26	c	ച	ச	చ	ಚ	च	চ	ચ	ଚ	ਚ	چ
27	ch	ഛ	ச	ఛ	ಛ	छ	ছ	છ	ଛ	ਛ	چھ
28	j	ജ	ஜ	జ	ಜ	ज	জ	જ	ଜ	ਜ	ج
29	jh	ഝ	ஜ	ఝ	ಝ	झ	ঝ	ઝ	ଝ	ਝ	جھ
30	nj	ഞ	ஞ	ఞ	ಞ	ञ	ঞ	ઞ	ଞ	ਞ	ں
31	tx	ട	ட	ట	ಟ	ट	ট	ટ	ଟ	ਟ	ٹ
32	txh	ഠ	ட	ఠ	ಠ	ठ	ঠ	ઠ	ଠ	ਠ	ٹھ
33	dx	ഡ	ட	డ	ಡ	ड	ড	ડ	ଡ	ਡ	ڈ
34	dxh	ഢ	ட	ఢ	ಢ	ढ	ঢ	ઢ	ଢ	ਢ	ڈھ
35	nx	ണ	ண	ణ	ಣ	ण	ণ	ણ	ଣ	ਣ	ڑا
36	t	ത	த	త	ತ	त	ত	ત	ତ	ਤ	ت
37	th	ഥ	த	థ	ಥ	थ	থ	થ	ଥ	ਥ	تھ
38	d	ദ	த	ద	ದ	द	দ	દ	ଦ	ਦ	د
39	dh	ധ	த	ధ	ಧ	ध	ধ	ધ	ଧ	ਧ	دھ
40	n	ന	ந	న	ನ	न	ন	ન	ନ	ਨ	ن
41	nd	ഩ	ன	న	ನ	ऩ	ন	ન	ନ	ਨ	ن
42	p	പ	ப	ప	ಪ	प	প	પ	ପ	ਪ	پ
43	ph	ഫ	ப	ఫ	ಫ	फ	ফ	ફ	ଫ	ਫ	ف
44	b	ബ	ப	బ	ಬ	ब	ব	બ	ବ	ਬ	ب
45	bh	ഭ	ப	భ	ಭ	भ	ভ	ભ	ଭ	ਭ	بھ
46	m	മ	ம	మ	ಮ	म	ম	મ	ମ	ਮ	م
47	y	യ	ய	య	ಯ	य	য	ય	ୟ	ਯ	ی
48	r	ര	ர	ర	ರ	र	র	ર	ର	ਰ	ر
49	rx	റ	ற	ర	ರ	ऱ	র	ર	ର	ਰ	ر	
50	l	ല	ல	ల	ಲ	ल	ল	લ	ଲ	ਲ	ل
51	lx	ള	ள	ళ	ಳ	ळ	ল	ળ	ଳ	ਲ਼	ل
52	zh	ഴ	ழ	ళ	ಳ	ऴ	ল	ળ	ଳ	ਲ਼	ل
53	w	വ	வ	వ	ವ	व	ব	વ	ଵ	ਵ	و
54	sh	ശ	ஶ	శ	ಶ	श	শ	શ	ଶ	ਸ਼	ش
55	sx	ഷ	ஷ	ష	ಷ	ष	ষ	ષ	ଷ	ਸ਼	ش
56	s	സ	ஸ	స	ಸ	स	স	સ	ସ	ਸ	س
57	h	ഹ	ஹ	హ	ಹ	ह	হ	હ	ହ	ਹ	ہ
58	a	അ	அ	అ	ಅ	ऺ	অ	અ	ଅ	ਅ	ء
59	aav	ാ	ா	ా	ಾ	ऻ	া	ા	ା	ਾ	َ
60	nk	അ	அ	అ	ಅ	़	়	઼	଼	਼	ا
61	ag	അ	அ	అ	ಅ	ऽ	ঽ	ઽ	ଽ	ਅ	ا
62	aav	ാ	ா	ా	ಾ	ा	া	ા	ା	ਾ	َ
63	iv	ി	ி	ి	ಿ	ि	ি	િ	ି	ਿ	ِ
64	iiv	ീ	ீ	ీ	ೀ	ी	ী	ી	ୀ	ੀ	ِ
65	uv	ു	ு	ు	ು	ु	ু	ુ	ୁ	ੁ	ُ
66	uuv	ൂ	ூ	ూ	ೂ	ू	ূ	ૂ	ୂ	ੂ	ُ
67	rqv	ൃ	ு	ృ	ೃ	ृ	ৃ	ૃ	ୃ	ੁ	ُ
68	rqwv	ൄ	ூ	ౄ	ೄ	ॄ	ৄ	ૄ	ୃ	ੂ	ُ
69	e	എ	எ	ఎ	ಎ	ॅ	এ	ઍ	ଏ	ਏ	ۓ
70	ev	െ	ெ	ె	ೆೆ	ॆ	ে	ે	ୄ	ੇ	ۓ
71	eev	േ	ே	ే	ೇ	े	ে	ે	େ	ੇ	ۓ
72	eiv	ൈ	ை	ై	ೇೈ	ै	ৈ	ૈ	ୈ	ੈ
73	axv	ാ	ா	ా	ಾ	ॉ	া	ૉ	ା	ਾ	َ
74	ov	ൊ	ொ	ొ	ೊ	ॊ	ো	ો	ୋ	ੋ	ੋ
75	oov	ോ	ோ	ో	ೋ	ो	ো	ો	ୋ	ੋ
76	ouv	ൌ	ௌ	ౌ	ೌ	ौ	ৌ	ૌ	ୌ	ੌ
77	eu	്	்	్	್	्	্	્	୍	੍	ٰ
78	a	അ	அ	అ	ಅ	ॎ	ৎ	અ	ଅ	ਅ	ء
79	ouv	ൌ	ௌ	ౌ	ೌ	ॏ	ৌ	ૌ	ୌ	ੌ
80	oom	ഓംമ്	ஓம்	ఓం	ಓಂ	ॐ	ওম	ૐ	ଓମ୍	ੴ	اوم
81	a	അ	அ	అ	ಅ	॓	অ	અ	ଅ	ਅ	ا
82	a	അ	அ	అ	ಅ	॔	অ	અ	ଅ	ਅ	ا
83	$	#	#	#	#	#	#	#	#	#	#
84	$	#	#	#	#	#	#	#	#	#	#
85	a	അ	அ	అ	ಅ	ॕ	অ	અ	ଅ	ਅ	ء
86	a	അ	அ	అ	ಅ	ॖ	অ	અ	ୖ	ਅ	ء
87	auv	ൗ	அ	అ	ಅ	ॗ	ৗ	અ	ୗ	ਅ	ء
88	kq	ക	க	క	ಕ	क़	ক	ક	କ	ਕ	ق
89	khq	ഖ	க	ఖ	ಖ	ख़	খ	ખ	ଖ	ਖ਼	خ
90	gq	ഗ	க	గ	ಗ	ग़	গ	ગ	ଗ	ਗ਼	غ
91	z	ജ	ஜ	జ	ಜ	ज़	জ	જ	ଜ	ਜ਼	ز
92	dxq	ഡ	ட	డ	ಡ	ड़	ড়	ડ	ଡ଼	ੜ	ڑ
93	dxhq	ഢ	ட	ఢ	ಢ	ढ़	ঢ়	ઢ	ଢ଼	ਢ	ڑھ	
94	f	ഫ	ப	ఫ	ಫ	फ़	ফ	ફ	ଫ	ਫ਼	ف
95	y	യ	ய	య	ಯ	य़	য়	ય	ୟ	ਯ	ی
96	rqw	ൠ	ற	ౠ	ೠ	ॠ	ৠ	ૠ	ୠ	ਰ	رُ
97	uu	ലു	லு	లు	ಲು	ॡ	লু	લુ	ଲୁ	ਲੁ	لُء
98	lu	ലു	லு	లు	ಲು	ॢ	ৢ	ૢ	ୢ	ਲੁ	لُء
99	lu	ലു	லு	లు	ಲು	ॣ	ৣ	ૣ	ୢ	ਲੁ	لُء
100	sp	.	.	.	.	।	।	.	।	।	.
101	lsp	.	.	.	.	॥	।	.	।	।	.
102	0	൦	௦	౦	೦	०	০	૦	୦	੦	۰
103	1	൧	௧	౧	೧	१	১	૧	୧	੧	۱
104	2	൨	௨	౨	೨	२	২	૨	୨	੨	۲	
105	3	൩	௩	౩	೩	३	৩	૩	୩	੩	۳
106	4	൪	௪	౪	೪	४	৪	૪	୪	੪	۴(check is 4?)
107	5	൫	௫	౫	೫	५	৫	૫	୫	੫	۵
108	6	൬	௬	౬	೬	६	৬	૬	୬	੬	۶(check is 6?)
109	7	൭	௭	౭	೭	७	৭	૭	୭	੭	۷(check is 7?)
110	8	൮	௮	౮	೮	८	৮	૮	୮	੮	۸
111	9	൯	௯	౯	೯	९	৯	૯	୯	੯	۹
112	rv	ര	ர	ర	ರ	॰	ৰ	૰	୰	ਰ	ر
113	wv	വ	வ	వ	ವ	ॱ	ৱ	૱	ୱ	ਵ	و	
114	aav	ാ	ா	ా	ಾ	ॲ	৲	ા	୲	ਾ	ء
115	a	അ	அ	అ	ಅ	ॳ	৳	અ	୳	ਅ	ا
116	a	ആ	ஆ	ఆ	ಆ	ॴ	৴	આ	୴	ਆ	آ
117	ou	ഔ	ஔ	ఔ	ಔ	ॵ	৵	ઔ	୵	ਔ	اَو		
118	$	അ	அ	అ	ಅ	ॶ	৶	અ	୶	ਅ	ا	
119	$	അ	அ	అ	ಅ	ॷ	৷	અ	୷	ਅ	ا
120	dx	ഡ	ட	డ	ಡ	ॸ	৸	ડ	ଡ	ਡ	ڈ
121	z	ജ	ஜ	జ	ಜ	ॹ	৹	જ	ଜ	ਜ਼	ج
122	nwv/y	ൺ	#	#	#	ॺ	৺	થ	ୟ	ਯ	ی	
123	nnv/g	ൻ	#	#	#	ॻ	৻	ગ	ଗ	ਗ	گ
124	rwv/j	ർ	#	#	#	ॼ	জ	જ	ଜ	ਜ	ج
125	lwv/sp	ൽ	#	#	#	ॽ	।	.	।	।	.
126	lnv/dx	ൾ	#	#	#	ॾ	ড	ડ	ଡ	ਡ	ڈ
127	b	ബ	ப	బ	ಬ	ॿ	ব	બ	ବ	ਬ	ب
